// Jest Snapshot v1, https://goo.gl/fbAQLP

exports['<Navbar /> Match Snapshot 1'] = `
<div
  className="navbar"
>
  <div
    className="content"
  >
    <div
      className="brand"
    >
      Gallery
    </div>
  </div>
</div>
`;
